
> starter_helpi@0.1.0 test
> react-scripts test --coverage

FAIL src/App.test.tsx
  ✕ renders learn react link (53 ms)

  ● renders learn react link

    TestingLibraryElementError: Unable to find an element with the text: /learn react/i. This could be because the text is broken up by multiple elements. In this case, you can provide a function for your text matcher to make your matcher more flexible.

    Ignored nodes: comments, script, style
    [36m<body>[39m
      [36m<div>[39m
        [36m<div[39m
          [33mclass[39m=[32m"App"[39m
        [36m>[39m
          [36m<header[39m
            [33mclass[39m=[32m"top-header"[39m
          [36m>[39m
            [36m<nav>[39m
              [36m<ul[39m
                [33mclass[39m=[32m"nav-links"[39m
              [36m>[39m
                [36m<li>[39m
                  [36m<a[39m
                    [33mhref[39m=[32m"#/"[39m
                  [36m>[39m
                    [0mHome[0m
                  [36m</a>[39m
                [36m</li>[39m
                [36m<li>[39m
                  [36m<a[39m
                    [33mhref[39m=[32m"#/basicAssessment"[39m
                  [36m>[39m
                    [0mBasic Career Assessment[0m
                  [36m</a>[39m
                [36m</li>[39m
                [36m<li>[39m
                  [36m<a[39m
                    [33mhref[39m=[32m"#/detailedAssessment"[39m
                  [36m>[39m
                    [0mDetailed Career Assessment[0m
                  [36m</a>[39m
                [36m</li>[39m
                [36m<li>[39m
                  [36m<a[39m
                    [33mhref[39m=[32m"#/aboutUs"[39m
                  [36m>[39m
                    [0mAbout Us[0m
                  [36m</a>[39m
                [36m</li>[39m
              [36m</ul>[39m
            [36m</nav>[39m
          [36m</header>[39m
          [36m<div[39m
            [33mclass[39m=[32m"home-page"[39m
          [36m>[39m
            [36m<header[39m
              [33mclass[39m=[32m"home-header"[39m
            [36m>[39m
              [36m<h1>[39m
                [36m<i[39m
                  [33mclass[39m=[32m"bi bi-robot main-title-icon"[39m
                [36m/>[39m
                [0mMechaMatcher[0m
              [36m</h1>[39m
            [36m</header>[39m
            [36m<section[39m
              [33mclass[39m=[32m"quiz-options"[39m
            [36m>[39m
              [36m<div[39m
                [33mclass[39m=[32m"options-container"[39m
              [36m>[39m
                [36m<div[39m
                  [33mclass[39m=[32m"option"[39m
                [36m>[39m
                  [36m<h3>[39m
                    [0mBasic Career Assessment[0m
                  [36m</h3>[39m
                  [36m<p>[39m
                    [0mThis quick assessment uses 7 straightforward questions to analyze your career preferences and suggest potential paths. Perfect for a fast start![0m
                  [36m</p>[39m
                  [36m<a[39m
                    [33mclass[39m=[32m"option-link"[39m
                    [33mhref[39m=[32m"#/basicAssessment"[39m
                  [36m>[39m
                    [0mStart Basic Assessment[0m
                  [36m</a>[39m
                [36m</div>[39m
                [36m<div[39m
                  [33mclass[39m=[32m"option"[39m
                [36m>[39m
                  [36m<h3>[39m
                    [0mDetailed Career Assessment[0m
                  [36m</h3>[39m
                  [36m<p>[39m
                    [0mDiscover tailored career options with our in-depth assessment. Answer 7 detailed questions that delve into your interests and values.[0m
                  [36m</p>[39m
                  [36m<a[39m
                    [33mclass[39m=[32m"option-link"[39m
                    [33mhref[39m=[32m"#/detailedAssessment"[39m
                  [36m>[39m
                    [0mStart Detailed Assessment[0m
                  [36m</a>[39m
                [36m</div>[39m
              [36m</div>[39m
            [36m</section>[39m
          [36m</div>[39m
          [36m<footer>[39m
            [36m<div[39m
              [33mclass[39m=[32m"api-key-container"[39m
            [36m>[39m
              [36m<form[39m
                [33mclass[39m=[32m""[39m
              [36m>[39m
                [36m<label[39m
                  [33mclass[39m=[32m"form-label"[39m
                [36m>[39m
                  [0mEnter API Key:[0m
                [36m</label>[39m
                [36m<input[39m
                  [33mclass[39m=[32m"api-key-input form-control"[39m
                  [33mplaceholder[39m=[32m"Insert API Key Here"[39m
                  [33mtype[39m=[32m"password"[39m
                [36m/>[39m
                [36m<br />[39m
                [36m<br />[39m
                [36m<button[39m
                  [33mclass[39m=[32m"submit-button btn btn-primary"[39m
                  [33mtype[39m=[32m"button"[39m
                [36m>[39m
                  [0mSubmit[0m
                [36m</button>[39m
              [36m</form>[39m
            [36m</div>[39m
          [36m</footer>[39m
        [36m</div>[39m
      [36m</div>[39m
    [36m</body>[39m

       5 | test('renders learn react link', () => {
       6 |   render(<App />);
    >  7 |   const linkElement = screen.getByText(/learn react/i);
         |                              ^
       8 |   expect(linkElement).toBeInTheDocument();
       9 | });
      10 |

      at Object.getElementError (node_modules/@testing-library/react/node_modules/@testing-library/dom/dist/config.js:37:19)
      at node_modules/@testing-library/react/node_modules/@testing-library/dom/dist/query-helpers.js:76:38
      at node_modules/@testing-library/react/node_modules/@testing-library/dom/dist/query-helpers.js:52:17
      at getByText (node_modules/@testing-library/react/node_modules/@testing-library/dom/dist/query-helpers.js:95:19)
      at Object.<anonymous> (src/App.test.tsx:7:30)
      at TestScheduler.scheduleTests (node_modules/@jest/core/build/TestScheduler.js:333:13)
      at runJest (node_modules/@jest/core/build/runJest.js:404:19)
      at _run10000 (node_modules/@jest/core/build/cli/index.js:320:7)
      at runCLI (node_modules/@jest/core/build/cli/index.js:173:3)

----------------------------|---------|----------|---------|---------|-------------------
File                        | % Stmts | % Branch | % Funcs | % Lines | Uncovered Line #s 
----------------------------|---------|----------|---------|---------|-------------------
All files                   |    9.84 |     6.12 |    7.69 |   10.48 |                   
 src                        |    11.5 |     6.38 |     8.1 |   12.38 |                   
  API.tsx                   |       0 |        0 |       0 |       0 | 10-57             
  AboutUs.tsx               |      50 |      100 |       0 |      50 | 5                 
  App.tsx                   |   66.66 |       75 |      50 |   66.66 | 17,26-32          
  BasicAssessment.tsx       |       0 |        0 |       0 |       0 | 8-182             
  DetailedQuestionsPage.tsx |    2.94 |        0 |       0 |    3.33 | 8-180             
  HomePage.tsx              |     100 |      100 |     100 |     100 |                   
  Results.tsx               |   14.28 |        0 |       0 |   14.28 | 20-33             
  index.tsx                 |       0 |      100 |     100 |       0 | 7-19              
  reportWebVitals.ts        |       0 |        0 |       0 |       0 | 3-10              
 src/server                 |       0 |        0 |       0 |       0 |                   
  server.js                 |       0 |        0 |       0 |       0 | 1-34              
----------------------------|---------|----------|---------|---------|-------------------
Test Suites: 1 failed, 1 total
Tests:       1 failed, 1 total
Snapshots:   0 total
Time:        3.251 s
Ran all test suites.
[0;33mOne of your dependencies, babel-preset-react-app, is importing the
"@babel/plugin-proposal-private-property-in-object" package without
declaring it in its dependencies. This is currently working because
"@babel/plugin-proposal-private-property-in-object" is already in your
node_modules folder for unrelated reasons, but it [1mmay break at any time[0;33m.

babel-preset-react-app is part of the create-react-app project, [1mwhich
is not maintianed anymore[0;33m. It is thus unlikely that this bug will
ever be fixed. Add "@babel/plugin-proposal-private-property-in-object" to
your devDependencies to work around this error. This will make this message
go away.[0m
  
